=== CHAIN_START 23:29:04 ===
VIT_ENGINE_MISSING (D does not need it)

ArgumentError: activate does not accept more than one argument:
['/workspace/trtllm_work/qwenvl_engine_bs64', 'bs64', 'GUARANTEED_NO_EVICT,MAX_UTILIZATION', '--concurrency', '16,32,64,96,128']


=== D_START tag=bs64 policy=GUARANTEED_NO_EVICT 23:29:05 ===
D_bs64_GUARANTEED_NO_EVICT_FAILED
Traceback (most recent call last):
ModuleNotFoundError: No module named 'transformers'
1 MiB
=== D_START tag=bs64 policy=MAX_UTILIZATION 23:29:05 ===
D_bs64_MAX_UTILIZATION_FAILED
Traceback (most recent call last):
ModuleNotFoundError: No module named 'transformers'
1 MiB
BUILD_qwenvl_engine_bs96_mnt16k_OK
BUILD_qwenvl_engine_bs128_mnt16k_OK
BUILD_qwenvl_engine_bs96_mnt16k_tpb32_OK
E_BUILDS_DONE
=== D_START tag=bs96 policy=GUARANTEED_NO_EVICT 23:33:08 ===
D_bs96_GUARANTEED_NO_EVICT_OK
1 MiB
=== D_START tag=bs96 policy=MAX_UTILIZATION 23:37:21 ===
D_bs96_MAX_UTILIZATION_OK
1 MiB
=== D_START tag=bs128 policy=GUARANTEED_NO_EVICT 23:41:35 ===
D_bs128_GUARANTEED_NO_EVICT_OK
1 MiB
=== D_START tag=bs96tpb32 policy=GUARANTEED_NO_EVICT 23:45:35 ===
D_bs96tpb32_GUARANTEED_NO_EVICT_OK
1 MiB
=== CHAIN_DONE 23:47:30 ===
