
=== STEP_miniconda 23:12:31 ===
PREFIX=/workspace/trtllm_work/miniconda3
Unpacking bootstrapper...
Unpacking payload...

Installing base environment...

Preparing transaction: ...working... done
Executing transaction: ...working... done
installation finished.

=== STEP_conda_env 23:12:46 ===
Retrieving notices: ...working... done
Channels:
 - conda-forge
Platform: linux-64
Collecting package metadata (repodata.json): ...working... done
Solving environment: ...working... done

## Package Plan ##

  environment location: /workspace/trtllm_work/miniconda3/envs/trtllm

  added / updated specs:
    - python=3.10


The following packages will be downloaded:

    package                    |            build
    ---------------------------|-----------------
    _openmp_mutex-4.5          |           20_gnu          28 KB  conda-forge
    bzip2-1.0.8                |      hda65f42_10         252 KB  conda-forge
    ca-certificates-2026.7.22  |       hbd8a1cb_0         129 KB  conda-forge
    icu-78.3                   |  py310h44b86e0_2        13.8 MB  conda-forge
    ld_impl_linux-64-2.46.1    |default_hbd61a6d_102         728 KB  conda-forge
    libexpat-2.8.1             |       hecca717_1          76 KB  conda-forge
    libffi-3.7.0               |       h81df57d_1          66 KB  conda-forge
    libgcc-16.2.0              |       ha9f2e26_5         1.0 MB  conda-forge
    libgomp-16.2.0             |       he0feb66_5         627 KB  conda-forge
    liblzma-5.8.3              |       hb03c661_1         110 KB  conda-forge
    libnsl-2.0.1               |       hb9d3cd8_1          33 KB  conda-forge
    libsqlite-3.53.4           |       h13e7031_1         952 KB  conda-forge
    libstdcxx-16.2.0           |       h934c35e_5         6.3 MB  conda-forge
    libuuid-2.42.3             |       hcfc3c73_0          39 KB  conda-forge
    libxcrypt-4.4.38           |       h280c20c_0         100 KB  conda-forge
    libzlib-1.3.2              |       h25fd6f3_3          62 KB  conda-forge
    ncurses-6.6                |       hdb14827_1         890 KB  conda-forge
    openssl-3.6.4              |       h781a0a9_0         3.1 MB  conda-forge
    packaging-26.3             |     pyhc364b38_0         114 KB  conda-forge
    pip-26.2.1                 |     pyh8b19718_0         1.1 MB  conda-forge
    python-3.10.21             |h267e890_0_cpython        24.2 MB  conda-forge
    readline-8.3               |       hd6e31c0_1         341 KB  conda-forge
    setuptools-84.0.0          |     pyh332efcf_0         512 KB  conda-forge
    tk-8.6.13                  | noxft_h1df4ec4_4         3.4 MB  conda-forge
    tzdata-2026c               |       h151e31d_0         116 KB  conda-forge
    wheel-0.48.0               |     pyhd8ed1ab_0          34 KB  conda-forge
    zstd-1.5.7                 |       hb78ec9c_7         587 KB  conda-forge
    ------------------------------------------------------------
                                           Total:        58.6 MB

The following NEW packages will be INSTALLED:

  _openmp_mutex      conda-forge/linux-64::_openmp_mutex-4.5-20_gnu 
  bzip2              conda-forge/linux-64::bzip2-1.0.8-hda65f42_10 
  ca-certificates    conda-forge/noarch::ca-certificates-2026.7.22-hbd8a1cb_0 
  icu                conda-forge/linux-64::icu-78.3-py310h44b86e0_2 
  ld_impl_linux-64   conda-forge/linux-64::ld_impl_linux-64-2.46.1-default_hbd61a6d_102 
  libexpat           conda-forge/linux-64::libexpat-2.8.1-hecca717_1 
  libffi             conda-forge/linux-64::libffi-3.7.0-h81df57d_1 
  libgcc             conda-forge/linux-64::libgcc-16.2.0-ha9f2e26_5 
  libgomp            conda-forge/linux-64::libgomp-16.2.0-he0feb66_5 
  liblzma            conda-forge/linux-64::liblzma-5.8.3-hb03c661_1 
  libnsl             conda-forge/linux-64::libnsl-2.0.1-hb9d3cd8_1 
  libsqlite          conda-forge/linux-64::libsqlite-3.53.4-h13e7031_1 
  libstdcxx          conda-forge/linux-64::libstdcxx-16.2.0-h934c35e_5 
  libuuid            conda-forge/linux-64::libuuid-2.42.3-hcfc3c73_0 
  libxcrypt          conda-forge/linux-64::libxcrypt-4.4.38-h280c20c_0 
  libzlib            conda-forge/linux-64::libzlib-1.3.2-h25fd6f3_3 
  ncurses            conda-forge/linux-64::ncurses-6.6-hdb14827_1 
  openssl            conda-forge/linux-64::openssl-3.6.4-h781a0a9_0 
  packaging          conda-forge/noarch::packaging-26.3-pyhc364b38_0 
  pip                conda-forge/noarch::pip-26.2.1-pyh8b19718_0 
  python             conda-forge/linux-64::python-3.10.21-h267e890_0_cpython 
  readline           conda-forge/linux-64::readline-8.3-hd6e31c0_1 
  setuptools         conda-forge/noarch::setuptools-84.0.0-pyh332efcf_0 
  tk                 conda-forge/linux-64::tk-8.6.13-noxft_h1df4ec4_4 
  tzdata             conda-forge/noarch::tzdata-2026c-h151e31d_0 
  wheel              conda-forge/noarch::wheel-0.48.0-pyhd8ed1ab_0 
  zstd               conda-forge/linux-64::zstd-1.5.7-hb78ec9c_7 



Downloading and Extracting Packages: ...working... done
Preparing transaction: ...working... done
Verifying transaction: ...working... done
Executing transaction: ...working... done
WARNING conda.conda_pypi.main:notify_externally_managed_future(156): 
  Did you know? You can install many PyPI packages with conda
  using the conda-pypi beta. Get started:
    https://docs.conda.io/projects/conda/en/stable/new-features.html

#
# To activate this environment, use
#
#     $ conda activate trtllm
#
# To deactivate an active environment, use
#
#     $ conda deactivate

Python 3.10.21
WARNING: Running pip as the 'root' user can result in broken permissions and conflicting behaviour with the system package manager, possibly rendering your system unusable. It is recommended to use a virtual environment instead: https://pip.pypa.io/warnings/venv. Use the --root-user-action option if you know what you are doing and want to suppress this warning.

=== STEP_torch 23:12:55 ===
Looking in indexes: https://download.pytorch.org/whl/cu121
Collecting torch==2.3.0
  Downloading torch-2.3.0%2Bcu121-cp310-cp310-linux_x86_64.whl (781.0 MB)
     ━━━━━━━━━━━━━━━━━━━━━━━━━━━━━━━━━━━━━━━━ 781.0/781.0 MB 134.3 MB/s  0:00:13
Collecting filelock (from torch==2.3.0)
  Downloading filelock-3.32.3-py3-none-any.whl.metadata (2.0 kB)
Collecting typing-extensions>=4.8.0 (from torch==2.3.0)
  Downloading typing_extensions-4.16.0-py3-none-any.whl.metadata (3.3 kB)
Collecting sympy (from torch==2.3.0)
  Downloading sympy-1.14.0-py3-none-any.whl.metadata (12 kB)
Collecting networkx (from torch==2.3.0)
  Downloading networkx-3.4.2-py3-none-any.whl.metadata (6.3 kB)
Collecting jinja2 (from torch==2.3.0)
  Downloading jinja2-3.1.6-py3-none-any.whl.metadata (2.9 kB)
Collecting fsspec (from torch==2.3.0)
  Downloading fsspec-2026.7.0-py3-none-any.whl.metadata (10 kB)
Collecting nvidia-cuda-nvrtc-cu12==12.1.105 (from torch==2.3.0)
  Downloading nvidia_cuda_nvrtc_cu12-12.1.105-py3-none-manylinux1_x86_64.whl (23.7 MB)
     ━━━━━━━━━━━━━━━━━━━━━━━━━━━━━━━━━━━━━━━━ 23.7/23.7 MB 89.8 MB/s  0:00:00
Collecting nvidia-cuda-runtime-cu12==12.1.105 (from torch==2.3.0)
  Downloading nvidia_cuda_runtime_cu12-12.1.105-py3-none-manylinux1_x86_64.whl (823 kB)
     ━━━━━━━━━━━━━━━━━━━━━━━━━━━━━━━━━━━━━━━━ 823.6/823.6 kB 251.0 MB/s  0:00:00
Collecting nvidia-cuda-cupti-cu12==12.1.105 (from torch==2.3.0)
  Downloading nvidia_cuda_cupti_cu12-12.1.105-py3-none-manylinux1_x86_64.whl (14.1 MB)
     ━━━━━━━━━━━━━━━━━━━━━━━━━━━━━━━━━━━━━━━━ 14.1/14.1 MB 127.8 MB/s  0:00:00
Collecting nvidia-cudnn-cu12==8.9.2.26 (from torch==2.3.0)
  Downloading nvidia_cudnn_cu12-8.9.2.26-py3-none-manylinux1_x86_64.whl (731.7 MB)
     ━━━━━━━━━━━━━━━━━━━━━━━━━━━━━━━━━━━━━━━━ 731.7/731.7 MB 144.6 MB/s  0:00:05
Collecting nvidia-cublas-cu12==12.1.3.1 (from torch==2.3.0)
  Downloading nvidia_cublas_cu12-12.1.3.1-py3-none-manylinux1_x86_64.whl (410.6 MB)
     ━━━━━━━━━━━━━━━━━━━━━━━━━━━━━━━━━━━━━━━━ 410.6/410.6 MB 162.4 MB/s  0:00:02
Collecting nvidia-cufft-cu12==11.0.2.54 (from torch==2.3.0)
  Downloading nvidia_cufft_cu12-11.0.2.54-py3-none-manylinux1_x86_64.whl (121.6 MB)
     ━━━━━━━━━━━━━━━━━━━━━━━━━━━━━━━━━━━━━━━━ 121.6/121.6 MB 113.7 MB/s  0:00:01
Collecting nvidia-curand-cu12==10.3.2.106 (from torch==2.3.0)
  Downloading nvidia_curand_cu12-10.3.2.106-py3-none-manylinux1_x86_64.whl (56.5 MB)
     ━━━━━━━━━━━━━━━━━━━━━━━━━━━━━━━━━━━━━━━━ 56.5/56.5 MB 145.2 MB/s  0:00:00
Collecting nvidia-cusolver-cu12==11.4.5.107 (from torch==2.3.0)
  Downloading nvidia_cusolver_cu12-11.4.5.107-py3-none-manylinux1_x86_64.whl (124.2 MB)
     ━━━━━━━━━━━━━━━━━━━━━━━━━━━━━━━━━━━━━━━━ 124.2/124.2 MB 121.9 MB/s  0:00:01
Collecting nvidia-cusparse-cu12==12.1.0.106 (from torch==2.3.0)
  Downloading nvidia_cusparse_cu12-12.1.0.106-py3-none-manylinux1_x86_64.whl (196.0 MB)
     ━━━━━━━━━━━━━━━━━━━━━━━━━━━━━━━━━━━━━━━━ 196.0/196.0 MB 106.1 MB/s  0:00:01
Collecting nvidia-nccl-cu12==2.20.5 (from torch==2.3.0)
  Downloading nvidia_nccl_cu12-2.20.5-py3-none-manylinux2014_x86_64.whl (176.2 MB)
     ━━━━━━━━━━━━━━━━━━━━━━━━━━━━━━━━━━━━━━━━ 176.2/176.2 MB 149.9 MB/s  0:00:01
Collecting nvidia-nvtx-cu12==12.1.105 (from torch==2.3.0)
  Downloading nvidia_nvtx_cu12-12.1.105-py3-none-manylinux1_x86_64.whl (99 kB)
Collecting triton==2.3.0 (from torch==2.3.0)
  Downloading triton-2.3.0-cp310-cp310-manylinux_2_17_x86_64.manylinux2014_x86_64.whl (168.1 MB)
     ━━━━━━━━━━━━━━━━━━━━━━━━━━━━━━━━━━━━━━━━ 168.1/168.1 MB 63.0 MB/s  0:00:02
Collecting nvidia-nvjitlink-cu12 (from nvidia-cusolver-cu12==11.4.5.107->torch==2.3.0)
  Downloading nvidia_nvjitlink_cu12-12.9.86-py3-none-manylinux2010_x86_64.manylinux_2_12_x86_64.whl (39.7 MB)
     ━━━━━━━━━━━━━━━━━━━━━━━━━━━━━━━━━━━━━━━━ 39.7/39.7 MB 135.1 MB/s  0:00:00
Collecting MarkupSafe>=2.0 (from jinja2->torch==2.3.0)
  Downloading markupsafe-3.0.3-cp310-cp310-manylinux2014_x86_64.manylinux_2_17_x86_64.manylinux_2_28_x86_64.whl.metadata (2.7 kB)
Collecting mpmath<1.4,>=1.1.0 (from sympy->torch==2.3.0)
  Downloading mpmath-1.3.0-py3-none-any.whl.metadata (8.6 kB)
Downloading typing_extensions-4.16.0-py3-none-any.whl (45 kB)
Downloading filelock-3.32.3-py3-none-any.whl (98 kB)
Downloading fsspec-2026.7.0-py3-none-any.whl (206 kB)
Downloading jinja2-3.1.6-py3-none-any.whl (134 kB)
Downloading markupsafe-3.0.3-cp310-cp310-manylinux2014_x86_64.manylinux_2_17_x86_64.manylinux_2_28_x86_64.whl (20 kB)
Downloading networkx-3.4.2-py3-none-any.whl (1.7 MB)
   ━━━━━━━━━━━━━━━━━━━━━━━━━━━━━━━━━━━━━━━━ 1.7/1.7 MB 63.3 MB/s  0:00:00
Downloading sympy-1.14.0-py3-none-any.whl (6.3 MB)
   ━━━━━━━━━━━━━━━━━━━━━━━━━━━━━━━━━━━━━━━━ 6.3/6.3 MB 158.2 MB/s  0:00:00
Downloading mpmath-1.3.0-py3-none-any.whl (536 kB)
   ━━━━━━━━━━━━━━━━━━━━━━━━━━━━━━━━━━━━━━━━ 536.2/536.2 kB 55.6 MB/s  0:00:00
Installing collected packages: mpmath, typing-extensions, sympy, nvidia-nvtx-cu12, nvidia-nvjitlink-cu12, nvidia-nccl-cu12, nvidia-curand-cu12, nvidia-cufft-cu12, nvidia-cuda-runtime-cu12, nvidia-cuda-nvrtc-cu12, nvidia-cuda-cupti-cu12, nvidia-cublas-cu12, networkx, MarkupSafe, fsspec, filelock, triton, nvidia-cusparse-cu12, nvidia-cudnn-cu12, jinja2, nvidia-cusolver-cu12, torch

Successfully installed MarkupSafe-3.0.3 filelock-3.32.3 fsspec-2026.7.0 jinja2-3.1.6 mpmath-1.3.0 networkx-3.4.2 nvidia-cublas-cu12-12.1.3.1 nvidia-cuda-cupti-cu12-12.1.105 nvidia-cuda-nvrtc-cu12-12.1.105 nvidia-cuda-runtime-cu12-12.1.105 nvidia-cudnn-cu12-8.9.2.26 nvidia-cufft-cu12-11.0.2.54 nvidia-curand-cu12-10.3.2.106 nvidia-cusolver-cu12-11.4.5.107 nvidia-cusparse-cu12-12.1.0.106 nvidia-nccl-cu12-2.20.5 nvidia-nvjitlink-cu12-12.9.86 nvidia-nvtx-cu12-12.1.105 sympy-1.14.0 torch-2.3.0+cu121 triton-2.3.0 typing-extensions-4.16.0
WARNING: Running pip as the 'root' user can result in broken permissions and conflicting behaviour with the system package manager, possibly rendering your system unusable. It is recommended to use a virtual environment instead: https://pip.pypa.io/warnings/venv. Use the --root-user-action option if you know what you are doing and want to suppress this warning.

=== STEP_tensorrt_llm 23:14:13 ===
Looking in indexes: https://pypi.org/simple, https://pypi.nvidia.com
Collecting tensorrt_llm==0.10.0
  Downloading tensorrt_llm-0.10.0-cp310-cp310-linux_x86_64.whl (1391.0 MB)
     ━━━━━━━━━━━━━━━━━━━━━━━━━━━━━━━━━━━━━━━━ 1.4/1.4 GB 17.5 MB/s  0:01:10
Collecting accelerate>=0.25.0 (from tensorrt_llm==0.10.0)
  Downloading accelerate-1.15.0-py3-none-any.whl.metadata (19 kB)
Collecting build (from tensorrt_llm==0.10.0)
  Downloading build-1.6.1-py3-none-any.whl.metadata (5.6 kB)
Collecting colored (from tensorrt_llm==0.10.0)
  Downloading colored-2.3.2-py3-none-any.whl.metadata (4.5 kB)
Collecting cuda-python (from tensorrt_llm==0.10.0)
  Downloading cuda_python-13.4.1-py3-none-any.whl.metadata (6.8 kB)
Collecting diffusers>=0.27.0 (from tensorrt_llm==0.10.0)
  Downloading diffusers-0.40.0-py3-none-any.whl.metadata (20 kB)
Collecting lark (from tensorrt_llm==0.10.0)
  Downloading lark-1.3.1-py3-none-any.whl.metadata (1.8 kB)
Collecting mpi4py (from tensorrt_llm==0.10.0)
  Downloading mpi4py-4.1.2-cp310-cp310-manylinux1_x86_64.manylinux_2_5_x86_64.whl.metadata (16 kB)
Collecting numpy<2 (from tensorrt_llm==0.10.0)
  Downloading numpy-1.26.4-cp310-cp310-manylinux_2_17_x86_64.manylinux2014_x86_64.whl.metadata (61 kB)
Collecting onnx>=1.12.0 (from tensorrt_llm==0.10.0)
  Downloading onnx-1.23.0-cp310-cp310-manylinux_2_27_x86_64.manylinux_2_28_x86_64.whl.metadata (8.7 kB)
Collecting polygraphy (from tensorrt_llm==0.10.0)
  Downloading polygraphy-0.53.4-py3-none-any.whl (483 kB)
Collecting psutil (from tensorrt_llm==0.10.0)
  Downloading psutil-7.2.2-cp36-abi3-manylinux2010_x86_64.manylinux_2_12_x86_64.manylinux_2_28_x86_64.whl.metadata (22 kB)
Collecting pynvml>=11.5.0 (from tensorrt_llm==0.10.0)
  Downloading pynvml-13.0.1-py3-none-any.whl.metadata (5.6 kB)
Collecting pulp (from tensorrt_llm==0.10.0)
  Downloading pulp-3.3.2-py3-none-any.whl.metadata (8.6 kB)
Collecting pandas (from tensorrt_llm==0.10.0)
  Downloading pandas-2.3.3-cp310-cp310-manylinux_2_24_x86_64.manylinux_2_28_x86_64.whl.metadata (91 kB)
Collecting h5py==3.10.0 (from tensorrt_llm==0.10.0)
  Downloading h5py-3.10.0-cp310-cp310-manylinux_2_17_x86_64.manylinux2014_x86_64.whl.metadata (2.5 kB)
Collecting StrEnum (from tensorrt_llm==0.10.0)
  Downloading StrEnum-0.4.15-py3-none-any.whl.metadata (5.3 kB)
Collecting sentencepiece>=0.1.99 (from tensorrt_llm==0.10.0)
  Downloading sentencepiece-0.2.2-cp310-cp310-manylinux_2_27_x86_64.manylinux_2_28_x86_64.whl.metadata (33 kB)
Collecting tensorrt==10.0.1 (from tensorrt_llm==0.10.0)
  Downloading tensorrt-10.0.1.tar.gz (16 kB)
  Installing build dependencies: started
  Installing build dependencies: finished with status 'done'
  Getting requirements to build wheel: started
  Getting requirements to build wheel: finished with status 'done'
  Preparing metadata (pyproject.toml): started
  Preparing metadata (pyproject.toml): finished with status 'done'
Collecting torch<=2.3.0a,>=2.2.0a (from tensorrt_llm==0.10.0)
  Downloading torch-2.2.2-cp310-cp310-manylinux1_x86_64.whl.metadata (26 kB)
Collecting nvidia-modelopt<0.12,~=0.11 (from tensorrt_llm==0.10.0)
  Downloading nvidia_modelopt-0.11.2-cp310-cp310-manylinux_2_28_x86_64.whl (1.7 MB)
     ━━━━━━━━━━━━━━━━━━━━━━━━━━━━━━━━━━━━━━━━ 1.7/1.7 MB 77.3 MB/s  0:00:00
Collecting transformers==4.40.2 (from tensorrt_llm==0.10.0)
  Downloading transformers-4.40.2-py3-none-any.whl.metadata (137 kB)
Requirement already satisfied: wheel in ./miniconda3/envs/trtllm/lib/python3.10/site-packages (from tensorrt_llm==0.10.0) (0.48.0)
Collecting optimum (from tensorrt_llm==0.10.0)
  Downloading optimum-2.3.0-py3-none-any.whl.metadata (14 kB)
Collecting evaluate (from tensorrt_llm==0.10.0)
  Downloading evaluate-0.4.6-py3-none-any.whl.metadata (9.5 kB)
Collecting janus (from tensorrt_llm==0.10.0)
  Downloading janus-2.0.0-py3-none-any.whl.metadata (5.3 kB)
Requirement already satisfied: mpmath>=1.3.0 in ./miniconda3/envs/trtllm/lib/python3.10/site-packages (from tensorrt_llm==0.10.0) (1.3.0)
Collecting tensorrt-cu12 (from tensorrt==10.0.1->tensorrt_llm==0.10.0)
  Downloading tensorrt_cu12-11.3.0.99.tar.gz (17 kB)
  Installing build dependencies: started
  Installing build dependencies: finished with status 'done'
  Getting requirements to build wheel: started
  Getting requirements to build wheel: finished with status 'done'
  Preparing metadata (pyproject.toml): started
  Preparing metadata (pyproject.toml): finished with status 'done'
Requirement already satisfied: filelock in ./miniconda3/envs/trtllm/lib/python3.10/site-packages (from transformers==4.40.2->tensorrt_llm==0.10.0) (3.32.3)
Collecting huggingface-hub<1.0,>=0.19.3 (from transformers==4.40.2->tensorrt_llm==0.10.0)
  Downloading huggingface_hub-0.36.2-py3-none-any.whl.metadata (15 kB)
Requirement already satisfied: packaging>=20.0 in ./miniconda3/envs/trtllm/lib/python3.10/site-packages (from transformers==4.40.2->tensorrt_llm==0.10.0) (26.3)
Collecting pyyaml>=5.1 (from transformers==4.40.2->tensorrt_llm==0.10.0)
  Downloading pyyaml-6.0.3-cp310-cp310-manylinux2014_x86_64.manylinux_2_17_x86_64.manylinux_2_28_x86_64.whl.metadata (2.4 kB)
Collecting regex!=2019.12.17 (from transformers==4.40.2->tensorrt_llm==0.10.0)
  Downloading regex-2026.9.10-cp310-cp310-manylinux2014_x86_64.manylinux_2_17_x86_64.manylinux_2_28_x86_64.whl.metadata (40 kB)
Collecting requests (from transformers==4.40.2->tensorrt_llm==0.10.0)
  Downloading requests-2.34.2-py3-none-any.whl.metadata (4.8 kB)
Collecting tokenizers<0.20,>=0.19 (from transformers==4.40.2->tensorrt_llm==0.10.0)
  Downloading tokenizers-0.19.1-cp310-cp310-manylinux_2_17_x86_64.manylinux2014_x86_64.whl.metadata (6.7 kB)
Collecting safetensors>=0.4.1 (from transformers==4.40.2->tensorrt_llm==0.10.0)
  Downloading safetensors-0.8.0-cp310-abi3-manylinux_2_17_x86_64.manylinux2014_x86_64.whl.metadata (4.2 kB)
Collecting tqdm>=4.27 (from transformers==4.40.2->tensorrt_llm==0.10.0)
  Using cached tqdm-4.70.1-py3-none-any.whl.metadata (57 kB)
Requirement already satisfied: fsspec>=2023.5.0 in ./miniconda3/envs/trtllm/lib/python3.10/site-packages (from huggingface-hub<1.0,>=0.19.3->transformers==4.40.2->tensorrt_llm==0.10.0) (2026.7.0)
Collecting hf-xet<2.0.0,>=1.1.3 (from huggingface-hub<1.0,>=0.19.3->transformers==4.40.2->tensorrt_llm==0.10.0)
  Using cached hf_xet-1.6.0-cp38-abi3-manylinux2014_x86_64.manylinux_2_17_x86_64.whl.metadata (4.9 kB)
Requirement already satisfied: typing-extensions>=3.7.4.3 in ./miniconda3/envs/trtllm/lib/python3.10/site-packages (from huggingface-hub<1.0,>=0.19.3->transformers==4.40.2->tensorrt_llm==0.10.0) (4.16.0)
Collecting cloudpickle>=1.6.0 (from nvidia-modelopt<0.12,~=0.11->tensorrt_llm==0.10.0)
  Downloading cloudpickle-3.1.2-py3-none-any.whl.metadata (7.1 kB)
Collecting ninja (from nvidia-modelopt<0.12,~=0.11->tensorrt_llm==0.10.0)
  Downloading ninja-1.13.2-py3-none-manylinux2014_x86_64.manylinux_2_17_x86_64.whl.metadata (5.4 kB)
Collecting pydantic>=2.0 (from nvidia-modelopt<0.12,~=0.11->tensorrt_llm==0.10.0)
  Downloading pydantic-2.13.5-py3-none-any.whl.metadata (110 kB)
Collecting rich (from nvidia-modelopt<0.12,~=0.11->tensorrt_llm==0.10.0)
  Downloading rich-15.0.0-py3-none-any.whl.metadata (18 kB)
Collecting scipy (from nvidia-modelopt<0.12,~=0.11->tensorrt_llm==0.10.0)
  Downloading scipy-1.15.3-cp310-cp310-manylinux_2_17_x86_64.manylinux2014_x86_64.whl.metadata (61 kB)
Requirement already satisfied: sympy in ./miniconda3/envs/trtllm/lib/python3.10/site-packages (from torch<=2.3.0a,>=2.2.0a->tensorrt_llm==0.10.0) (1.14.0)
Requirement already satisfied: networkx in ./miniconda3/envs/trtllm/lib/python3.10/site-packages (from torch<=2.3.0a,>=2.2.0a->tensorrt_llm==0.10.0) (3.4.2)
Requirement already satisfied: jinja2 in ./miniconda3/envs/trtllm/lib/python3.10/site-packages (from torch<=2.3.0a,>=2.2.0a->tensorrt_llm==0.10.0) (3.1.6)
Requirement already satisfied: nvidia-cuda-nvrtc-cu12==12.1.105 in ./miniconda3/envs/trtllm/lib/python3.10/site-packages (from torch<=2.3.0a,>=2.2.0a->tensorrt_llm==0.10.0) (12.1.105)
Requirement already satisfied: nvidia-cuda-runtime-cu12==12.1.105 in ./miniconda3/envs/trtllm/lib/python3.10/site-packages (from torch<=2.3.0a,>=2.2.0a->tensorrt_llm==0.10.0) (12.1.105)
Requirement already satisfied: nvidia-cuda-cupti-cu12==12.1.105 in ./miniconda3/envs/trtllm/lib/python3.10/site-packages (from torch<=2.3.0a,>=2.2.0a->tensorrt_llm==0.10.0) (12.1.105)
Requirement already satisfied: nvidia-cudnn-cu12==8.9.2.26 in ./miniconda3/envs/trtllm/lib/python3.10/site-packages (from torch<=2.3.0a,>=2.2.0a->tensorrt_llm==0.10.0) (8.9.2.26)
Requirement already satisfied: nvidia-cublas-cu12==12.1.3.1 in ./miniconda3/envs/trtllm/lib/python3.10/site-packages (from torch<=2.3.0a,>=2.2.0a->tensorrt_llm==0.10.0) (12.1.3.1)
Requirement already satisfied: nvidia-cufft-cu12==11.0.2.54 in ./miniconda3/envs/trtllm/lib/python3.10/site-packages (from torch<=2.3.0a,>=2.2.0a->tensorrt_llm==0.10.0) (11.0.2.54)
Requirement already satisfied: nvidia-curand-cu12==10.3.2.106 in ./miniconda3/envs/trtllm/lib/python3.10/site-packages (from torch<=2.3.0a,>=2.2.0a->tensorrt_llm==0.10.0) (10.3.2.106)
Requirement already satisfied: nvidia-cusolver-cu12==11.4.5.107 in ./miniconda3/envs/trtllm/lib/python3.10/site-packages (from torch<=2.3.0a,>=2.2.0a->tensorrt_llm==0.10.0) (11.4.5.107)
Requirement already satisfied: nvidia-cusparse-cu12==12.1.0.106 in ./miniconda3/envs/trtllm/lib/python3.10/site-packages (from torch<=2.3.0a,>=2.2.0a->tensorrt_llm==0.10.0) (12.1.0.106)
Collecting nvidia-nccl-cu12==2.19.3 (from torch<=2.3.0a,>=2.2.0a->tensorrt_llm==0.10.0)
  Downloading nvidia_nccl_cu12-2.19.3-py3-none-manylinux1_x86_64.whl (158.7 MB)
     ━━━━━━━━━━━━━━━━━━━━━━━━━━━━━━━━━━━━━━━━ 158.7/158.7 MB 161.5 MB/s  0:00:00
Requirement already satisfied: nvidia-nvtx-cu12==12.1.105 in ./miniconda3/envs/trtllm/lib/python3.10/site-packages (from torch<=2.3.0a,>=2.2.0a->tensorrt_llm==0.10.0) (12.1.105)
Collecting triton==2.2.0 (from torch<=2.3.0a,>=2.2.0a->tensorrt_llm==0.10.0)
  Downloading triton-2.2.0-cp310-cp310-manylinux_2_17_x86_64.manylinux2014_x86_64.whl.metadata (1.4 kB)
Requirement already satisfied: nvidia-nvjitlink-cu12 in ./miniconda3/envs/trtllm/lib/python3.10/site-packages (from nvidia-cusolver-cu12==11.4.5.107->torch<=2.3.0a,>=2.2.0a->tensorrt_llm==0.10.0) (12.9.86)
Collecting importlib_metadata (from diffusers>=0.27.0->tensorrt_llm==0.10.0)
  Downloading importlib_metadata-9.0.1-py3-none-any.whl.metadata (4.5 kB)
Collecting httpx<1.0.0 (from diffusers>=0.27.0->tensorrt_llm==0.10.0)
  Downloading httpx-0.28.1-py3-none-any.whl.metadata (7.1 kB)
INFO: pip is looking at multiple versions of diffusers to determine which version is compatible with other requirements. This could take a while.
Collecting diffusers>=0.27.0 (from tensorrt_llm==0.10.0)
  Downloading diffusers-0.39.0-py3-none-any.whl.metadata (20 kB)
Collecting Pillow (from diffusers>=0.27.0->tensorrt_llm==0.10.0)
  Downloading pillow-12.3.0-cp310-cp310-manylinux_2_27_x86_64.manylinux_2_28_x86_64.whl.metadata (9.1 kB)
Collecting anyio (from httpx<1.0.0->diffusers>=0.27.0->tensorrt_llm==0.10.0)
  Downloading anyio-4.15.1-py3-none-any.whl.metadata (4.7 kB)
Collecting certifi (from httpx<1.0.0->diffusers>=0.27.0->tensorrt_llm==0.10.0)
  Downloading certifi-2026.7.22-py3-none-any.whl.metadata (2.5 kB)
Collecting httpcore==1.* (from httpx<1.0.0->diffusers>=0.27.0->tensorrt_llm==0.10.0)
  Downloading httpcore-1.0.9-py3-none-any.whl.metadata (21 kB)
Collecting idna (from httpx<1.0.0->diffusers>=0.27.0->tensorrt_llm==0.10.0)
  Downloading idna-3.20-py3-none-any.whl.metadata (7.2 kB)
Collecting h11>=0.16 (from httpcore==1.*->httpx<1.0.0->diffusers>=0.27.0->tensorrt_llm==0.10.0)
  Downloading h11-0.16.0-py3-none-any.whl.metadata (8.3 kB)
Collecting protobuf>=6.31.1 (from onnx>=1.12.0->tensorrt_llm==0.10.0)
  Downloading protobuf-7.36.2-cp310-abi3-manylinux2014_x86_64.whl.metadata (595 bytes)
Collecting ml_dtypes>=0.5.4 (from onnx>=1.12.0->tensorrt_llm==0.10.0)
  Downloading ml_dtypes-0.6.0-cp310-cp310-manylinux_2_27_x86_64.manylinux_2_28_x86_64.whl.metadata (8.8 kB)
INFO: pip is looking at multiple versions of ml-dtypes to determine which version is compatible with other requirements. This could take a while.
  Downloading ml_dtypes-0.5.4-cp310-cp310-manylinux_2_27_x86_64.manylinux_2_28_x86_64.whl.metadata (8.9 kB)
Collecting annotated-types>=0.6.0 (from pydantic>=2.0->nvidia-modelopt<0.12,~=0.11->tensorrt_llm==0.10.0)
  Downloading annotated_types-0.8.0-py3-none-any.whl.metadata (15 kB)
Collecting pydantic-core==2.46.5 (from pydantic>=2.0->nvidia-modelopt<0.12,~=0.11->tensorrt_llm==0.10.0)
  Downloading pydantic_core-2.46.5-cp310-cp310-manylinux_2_17_x86_64.manylinux2014_x86_64.whl.metadata (6.6 kB)
Collecting typing-inspection>=0.4.2 (from pydantic>=2.0->nvidia-modelopt<0.12,~=0.11->tensorrt_llm==0.10.0)
  Downloading typing_inspection-0.4.4-py3-none-any.whl.metadata (2.6 kB)
Collecting nvidia-ml-py>=12.0.0 (from pynvml>=11.5.0->tensorrt_llm==0.10.0)
  Downloading nvidia_ml_py-13.610.43-py3-none-any.whl.metadata (9.7 kB)
Collecting exceptiongroup>=1.0.2 (from anyio->httpx<1.0.0->diffusers>=0.27.0->tensorrt_llm==0.10.0)
  Downloading exceptiongroup-1.3.1-py3-none-any.whl.metadata (6.7 kB)
Collecting pyproject_hooks (from build->tensorrt_llm==0.10.0)
  Downloading pyproject_hooks-1.3.3-py3-none-any.whl.metadata (1.3 kB)
Collecting tomli>=1.1.0 (from build->tensorrt_llm==0.10.0)
  Downloading tomli-2.4.1-py3-none-any.whl.metadata (10 kB)
Collecting cuda-bindings~=13.4.1 (from cuda-python->tensorrt_llm==0.10.0)
  Downloading cuda_bindings-13.4.2-cp310-cp310-manylinux_2_24_x86_64.manylinux_2_28_x86_64.whl.metadata (2.4 kB)
Collecting cuda-core~=1.2.0 (from cuda-python->tensorrt_llm==0.10.0)
  Downloading cuda_core-1.2.0-cp310-cp310-manylinux_2_24_x86_64.manylinux_2_28_x86_64.whl.metadata (3.3 kB)
Collecting cuda-pathfinder~=1.1 (from cuda-python->tensorrt_llm==0.10.0)
  Downloading cuda_pathfinder-1.8.2-py3-none-any.whl.metadata (1.9 kB)
Collecting backports.strenum (from cuda-core~=1.2.0->cuda-python->tensorrt_llm==0.10.0)
  Downloading backports_strenum-1.3.1-py3-none-any.whl.metadata (3.7 kB)
Collecting datasets>=2.0.0 (from evaluate->tensorrt_llm==0.10.0)
  Downloading datasets-5.0.1-py3-none-any.whl.metadata (23 kB)
Collecting dill (from evaluate->tensorrt_llm==0.10.0)
  Downloading dill-0.4.1-py3-none-any.whl.metadata (10 kB)
Collecting xxhash (from evaluate->tensorrt_llm==0.10.0)
  Downloading xxhash-4.0.1-cp310-cp310-manylinux2014_x86_64.manylinux_2_17_x86_64.manylinux_2_28_x86_64.whl.metadata (17 kB)
Collecting multiprocess (from evaluate->tensorrt_llm==0.10.0)
  Downloading multiprocess-0.70.19-py310-none-any.whl.metadata (7.5 kB)
Collecting pyarrow>=21.0.0 (from datasets>=2.0.0->evaluate->tensorrt_llm==0.10.0)
  Downloading pyarrow-25.0.1-cp310-cp310-manylinux_2_28_x86_64.whl.metadata (3.0 kB)
Collecting fsspec>=2023.5.0 (from huggingface-hub<1.0,>=0.19.3->transformers==4.40.2->tensorrt_llm==0.10.0)
  Downloading fsspec-2026.6.0-py3-none-any.whl.metadata (10 kB)
Collecting aiohttp!=4.0.0a0,!=4.0.0a1 (from fsspec[http]>=2021.05.0->evaluate->tensorrt_llm==0.10.0)
  Downloading aiohttp-3.14.3-cp310-cp310-manylinux2014_x86_64.manylinux_2_17_x86_64.manylinux_2_28_x86_64.whl.metadata (8.3 kB)
Collecting aiohappyeyeballs>=2.5.0 (from aiohttp!=4.0.0a0,!=4.0.0a1->fsspec[http]>=2021.05.0->evaluate->tensorrt_llm==0.10.0)
  Downloading aiohappyeyeballs-2.7.1-py3-none-any.whl.metadata (5.9 kB)
Collecting aiosignal>=1.4.0 (from aiohttp!=4.0.0a0,!=4.0.0a1->fsspec[http]>=2021.05.0->evaluate->tensorrt_llm==0.10.0)
  Downloading aiosignal-1.4.0-py3-none-any.whl.metadata (3.7 kB)
Collecting async-timeout<6.0,>=4.0 (from aiohttp!=4.0.0a0,!=4.0.0a1->fsspec[http]>=2021.05.0->evaluate->tensorrt_llm==0.10.0)
  Downloading async_timeout-5.0.1-py3-none-any.whl.metadata (5.1 kB)
Collecting attrs>=17.3.0 (from aiohttp!=4.0.0a0,!=4.0.0a1->fsspec[http]>=2021.05.0->evaluate->tensorrt_llm==0.10.0)
  Downloading attrs-26.1.0-py3-none-any.whl.metadata (8.8 kB)
Collecting frozenlist>=1.1.1 (from aiohttp!=4.0.0a0,!=4.0.0a1->fsspec[http]>=2021.05.0->evaluate->tensorrt_llm==0.10.0)
  Downloading frozenlist-1.8.0-cp310-cp310-manylinux1_x86_64.manylinux_2_28_x86_64.manylinux_2_5_x86_64.whl.metadata (20 kB)
Collecting multidict<7.0,>=4.5 (from aiohttp!=4.0.0a0,!=4.0.0a1->fsspec[http]>=2021.05.0->evaluate->tensorrt_llm==0.10.0)
  Downloading multidict-6.9.0-cp310-cp310-manylinux2014_x86_64.manylinux_2_17_x86_64.manylinux_2_28_x86_64.whl.metadata (5.3 kB)
Collecting propcache>=0.2.0 (from aiohttp!=4.0.0a0,!=4.0.0a1->fsspec[http]>=2021.05.0->evaluate->tensorrt_llm==0.10.0)
  Downloading propcache-0.5.4-cp310-cp310-manylinux2014_x86_64.manylinux_2_17_x86_64.manylinux_2_28_x86_64.whl.metadata (25 kB)
Collecting yarl<2.0,>=1.17.0 (from aiohttp!=4.0.0a0,!=4.0.0a1->fsspec[http]>=2021.05.0->evaluate->tensorrt_llm==0.10.0)
  Downloading yarl-1.25.1-cp310-cp310-manylinux2014_x86_64.manylinux_2_17_x86_64.manylinux_2_28_x86_64.whl.metadata (111 kB)
Collecting charset_normalizer<4,>=2 (from requests->transformers==4.40.2->tensorrt_llm==0.10.0)
  Downloading charset_normalizer-3.5.1-cp310-cp310-manylinux2014_x86_64.manylinux_2_17_x86_64.manylinux_2_28_x86_64.whl.metadata (45 kB)
Collecting urllib3<3,>=1.26 (from requests->transformers==4.40.2->tensorrt_llm==0.10.0)
  Downloading urllib3-2.8.0-py3-none-any.whl.metadata (7.4 kB)
Collecting zipp>=3.20 (from importlib_metadata->diffusers>=0.27.0->tensorrt_llm==0.10.0)
  Downloading zipp-4.1.0-py3-none-any.whl.metadata (3.6 kB)
Requirement already satisfied: MarkupSafe>=2.0 in ./miniconda3/envs/trtllm/lib/python3.10/site-packages (from jinja2->torch<=2.3.0a,>=2.2.0a->tensorrt_llm==0.10.0) (3.0.3)
Collecting python-dateutil>=2.8.2 (from pandas->tensorrt_llm==0.10.0)
  Downloading python_dateutil-2.9.0.post0-py2.py3-none-any.whl.metadata (8.4 kB)
Collecting pytz>=2020.1 (from pandas->tensorrt_llm==0.10.0)
  Downloading pytz-2026.3.post1-py2.py3-none-any.whl.metadata (22 kB)
Collecting tzdata>=2022.7 (from pandas->tensorrt_llm==0.10.0)
  Downloading tzdata-2026.4-py2.py3-none-any.whl.metadata (1.4 kB)
Collecting six>=1.5 (from python-dateutil>=2.8.2->pandas->tensorrt_llm==0.10.0)
  Downloading six-1.17.0-py2.py3-none-any.whl.metadata (1.7 kB)
Collecting markdown-it-py>=2.2.0 (from rich->nvidia-modelopt<0.12,~=0.11->tensorrt_llm==0.10.0)
  Downloading markdown_it_py-4.2.0-py3-none-any.whl.metadata (7.4 kB)
Collecting pygments<3.0.0,>=2.13.0 (from rich->nvidia-modelopt<0.12,~=0.11->tensorrt_llm==0.10.0)
  Downloading pygments-2.21.0-py3-none-any.whl.metadata (2.5 kB)
Collecting mdurl~=0.1 (from markdown-it-py>=2.2.0->rich->nvidia-modelopt<0.12,~=0.11->tensorrt_llm==0.10.0)
  Downloading mdurl-0.1.2-py3-none-any.whl.metadata (1.6 kB)
Collecting tensorrt_cu12_libs==11.3.0.99 (from tensorrt-cu12->tensorrt==10.0.1->tensorrt_llm==0.10.0)
  Downloading tensorrt_cu12_libs-11.3.0.99-py3-none-manylinux_2_28_x86_64.whl (4387.7 MB)
     ━━━━━━━━━━━━━━━━━━━━━━━━━━━━━━━━━━━━━━━━ 4.4/4.4 GB 118.7 MB/s  0:00:28
Collecting tensorrt_cu12_bindings==11.3.0.99 (from tensorrt-cu12->tensorrt==10.0.1->tensorrt_llm==0.10.0)
  Downloading tensorrt_cu12_bindings-11.3.0.99-cp310-none-manylinux_2_28_x86_64.whl (1.3 MB)
     ━━━━━━━━━━━━━━━━━━━━━━━━━━━━━━━━━━━━━━━━ 1.3/1.3 MB 159.6 MB/s  0:00:00
Downloading h5py-3.10.0-cp310-cp310-manylinux_2_17_x86_64.manylinux2014_x86_64.whl (4.8 MB)
   ━━━━━━━━━━━━━━━━━━━━━━━━━━━━━━━━━━━━━━━━ 4.8/4.8 MB 30.9 MB/s  0:00:00
Downloading transformers-4.40.2-py3-none-any.whl (9.0 MB)
   ━━━━━━━━━━━━━━━━━━━━━━━━━━━━━━━━━━━━━━━━ 9.0/9.0 MB 49.4 MB/s  0:00:00
Downloading huggingface_hub-0.36.2-py3-none-any.whl (566 kB)
   ━━━━━━━━━━━━━━━━━━━━━━━━━━━━━━━━━━━━━━━━ 566.4/566.4 kB 61.1 MB/s  0:00:00
Using cached hf_xet-1.6.0-cp38-abi3-manylinux2014_x86_64.manylinux_2_17_x86_64.whl (4.5 MB)
Downloading numpy-1.26.4-cp310-cp310-manylinux_2_17_x86_64.manylinux2014_x86_64.whl (18.2 MB)
   ━━━━━━━━━━━━━━━━━━━━━━━━━━━━━━━━━━━━━━━━ 18.2/18.2 MB 130.3 MB/s  0:00:00
Downloading tokenizers-0.19.1-cp310-cp310-manylinux_2_17_x86_64.manylinux2014_x86_64.whl (3.6 MB)
   ━━━━━━━━━━━━━━━━━━━━━━━━━━━━━━━━━━━━━━━━ 3.6/3.6 MB 35.1 MB/s  0:00:00
Downloading torch-2.2.2-cp310-cp310-manylinux1_x86_64.whl (755.5 MB)
   ━━━━━━━━━━━━━━━━━━━━━━━━━━━━━━━━━━━━━━━━ 755.5/755.5 MB 88.7 MB/s  0:00:06
Downloading triton-2.2.0-cp310-cp310-manylinux_2_17_x86_64.manylinux2014_x86_64.whl (167.9 MB)
   ━━━━━━━━━━━━━━━━━━━━━━━━━━━━━━━━━━━━━━━━ 167.9/167.9 MB 26.0 MB/s  0:00:06
Downloading accelerate-1.15.0-py3-none-any.whl (394 kB)
Downloading cloudpickle-3.1.2-py3-none-any.whl (22 kB)
Downloading diffusers-0.39.0-py3-none-any.whl (5.6 MB)
   ━━━━━━━━━━━━━━━━━━━━━━━━━━━━━━━━━━━━━━━━ 5.6/5.6 MB 172.2 MB/s  0:00:00
Downloading httpx-0.28.1-py3-none-any.whl (73 kB)
Downloading httpcore-1.0.9-py3-none-any.whl (78 kB)
Downloading h11-0.16.0-py3-none-any.whl (37 kB)
Downloading onnx-1.23.0-cp310-cp310-manylinux_2_27_x86_64.manylinux_2_28_x86_64.whl (8.9 MB)
   ━━━━━━━━━━━━━━━━━━━━━━━━━━━━━━━━━━━━━━━━ 8.9/8.9 MB 195.7 MB/s  0:00:00
Downloading ml_dtypes-0.5.4-cp310-cp310-manylinux_2_27_x86_64.manylinux_2_28_x86_64.whl (5.0 MB)
   ━━━━━━━━━━━━━━━━━━━━━━━━━━━━━━━━━━━━━━━━ 5.0/5.0 MB 149.9 MB/s  0:00:00
Downloading protobuf-7.36.2-cp310-abi3-manylinux2014_x86_64.whl (343 kB)
Downloading pydantic-2.13.5-py3-none-any.whl (472 kB)
Downloading pydantic_core-2.46.5-cp310-cp310-manylinux_2_17_x86_64.manylinux2014_x86_64.whl (2.1 MB)
   ━━━━━━━━━━━━━━━━━━━━━━━━━━━━━━━━━━━━━━━━ 2.1/2.1 MB 202.4 MB/s  0:00:00
Downloading annotated_types-0.8.0-py3-none-any.whl (13 kB)
Downloading pynvml-13.0.1-py3-none-any.whl (28 kB)
Downloading nvidia_ml_py-13.610.43-py3-none-any.whl (53 kB)
Downloading pyyaml-6.0.3-cp310-cp310-manylinux2014_x86_64.manylinux_2_17_x86_64.manylinux_2_28_x86_64.whl (770 kB)
   ━━━━━━━━━━━━━━━━━━━━━━━━━━━━━━━━━━━━━━━━ 770.3/770.3 kB 95.8 MB/s  0:00:00
Downloading regex-2026.9.10-cp310-cp310-manylinux2014_x86_64.manylinux_2_17_x86_64.manylinux_2_28_x86_64.whl (796 kB)
   ━━━━━━━━━━━━━━━━━━━━━━━━━━━━━━━━━━━━━━━━ 796.3/796.3 kB 93.6 MB/s  0:00:00
Downloading safetensors-0.8.0-cp310-abi3-manylinux_2_17_x86_64.manylinux2014_x86_64.whl (516 kB)
Downloading sentencepiece-0.2.2-cp310-cp310-manylinux_2_27_x86_64.manylinux_2_28_x86_64.whl (1.4 MB)
   ━━━━━━━━━━━━━━━━━━━━━━━━━━━━━━━━━━━━━━━━ 1.4/1.4 MB 141.6 MB/s  0:00:00
Using cached tqdm-4.70.1-py3-none-any.whl (80 kB)
Downloading typing_inspection-0.4.4-py3-none-any.whl (14 kB)
Downloading anyio-4.15.1-py3-none-any.whl (132 kB)
Downloading exceptiongroup-1.3.1-py3-none-any.whl (16 kB)
Downloading idna-3.20-py3-none-any.whl (69 kB)
Downloading build-1.6.1-py3-none-any.whl (31 kB)
Downloading tomli-2.4.1-py3-none-any.whl (14 kB)
Downloading certifi-2026.7.22-py3-none-any.whl (136 kB)
Downloading colored-2.3.2-py3-none-any.whl (20 kB)
Downloading cuda_python-13.4.1-py3-none-any.whl (7.6 kB)
Downloading cuda_bindings-13.4.2-cp310-cp310-manylinux_2_24_x86_64.manylinux_2_28_x86_64.whl (7.2 MB)
   ━━━━━━━━━━━━━━━━━━━━━━━━━━━━━━━━━━━━━━━━ 7.2/7.2 MB 143.2 MB/s  0:00:00
Downloading cuda_core-1.2.0-cp310-cp310-manylinux_2_24_x86_64.manylinux_2_28_x86_64.whl (6.5 MB)
   ━━━━━━━━━━━━━━━━━━━━━━━━━━━━━━━━━━━━━━━━ 6.5/6.5 MB 46.8 MB/s  0:00:00
Downloading cuda_pathfinder-1.8.2-py3-none-any.whl (62 kB)
Downloading backports_strenum-1.3.1-py3-none-any.whl (8.3 kB)
Downloading evaluate-0.4.6-py3-none-any.whl (84 kB)
Downloading datasets-5.0.1-py3-none-any.whl (559 kB)
   ━━━━━━━━━━━━━━━━━━━━━━━━━━━━━━━━━━━━━━━━ 559.1/559.1 kB 56.7 MB/s  0:00:00
Downloading dill-0.4.1-py3-none-any.whl (120 kB)
Downloading fsspec-2026.6.0-py3-none-any.whl (203 kB)
Downloading multiprocess-0.70.19-py310-none-any.whl (134 kB)
Downloading aiohttp-3.14.3-cp310-cp310-manylinux2014_x86_64.manylinux_2_17_x86_64.manylinux_2_28_x86_64.whl (1.7 MB)
   ━━━━━━━━━━━━━━━━━━━━━━━━━━━━━━━━━━━━━━━━ 1.7/1.7 MB 156.8 MB/s  0:00:00
Downloading async_timeout-5.0.1-py3-none-any.whl (6.2 kB)
Downloading multidict-6.9.0-cp310-cp310-manylinux2014_x86_64.manylinux_2_17_x86_64.manylinux_2_28_x86_64.whl (287 kB)
Downloading yarl-1.25.1-cp310-cp310-manylinux2014_x86_64.manylinux_2_17_x86_64.manylinux_2_28_x86_64.whl (118 kB)
Downloading aiohappyeyeballs-2.7.1-py3-none-any.whl (15 kB)
Downloading aiosignal-1.4.0-py3-none-any.whl (7.5 kB)
Downloading attrs-26.1.0-py3-none-any.whl (67 kB)
Downloading frozenlist-1.8.0-cp310-cp310-manylinux1_x86_64.manylinux_2_28_x86_64.manylinux_2_5_x86_64.whl (219 kB)
Downloading propcache-0.5.4-cp310-cp310-manylinux2014_x86_64.manylinux_2_17_x86_64.manylinux_2_28_x86_64.whl (224 kB)
Downloading pyarrow-25.0.1-cp310-cp310-manylinux_2_28_x86_64.whl (50.1 MB)
   ━━━━━━━━━━━━━━━━━━━━━━━━━━━━━━━━━━━━━━━━ 50.1/50.1 MB 150.8 MB/s  0:00:00
Downloading requests-2.34.2-py3-none-any.whl (73 kB)
Downloading charset_normalizer-3.5.1-cp310-cp310-manylinux2014_x86_64.manylinux_2_17_x86_64.manylinux_2_28_x86_64.whl (261 kB)
Downloading urllib3-2.8.0-py3-none-any.whl (135 kB)
Downloading importlib_metadata-9.0.1-py3-none-any.whl (27 kB)
Downloading zipp-4.1.0-py3-none-any.whl (10 kB)
Downloading janus-2.0.0-py3-none-any.whl (12 kB)
Downloading lark-1.3.1-py3-none-any.whl (113 kB)
Downloading mpi4py-4.1.2-cp310-cp310-manylinux1_x86_64.manylinux_2_5_x86_64.whl (1.4 MB)
   ━━━━━━━━━━━━━━━━━━━━━━━━━━━━━━━━━━━━━━━━ 1.4/1.4 MB 143.0 MB/s  0:00:00
Downloading ninja-1.13.2-py3-none-manylinux2014_x86_64.manylinux_2_17_x86_64.whl (183 kB)
Downloading optimum-2.3.0-py3-none-any.whl (160 kB)
Downloading pandas-2.3.3-cp310-cp310-manylinux_2_24_x86_64.manylinux_2_28_x86_64.whl (12.8 MB)
   ━━━━━━━━━━━━━━━━━━━━━━━━━━━━━━━━━━━━━━━━ 12.8/12.8 MB 197.1 MB/s  0:00:00
Downloading python_dateutil-2.9.0.post0-py2.py3-none-any.whl (229 kB)
Downloading pytz-2026.3.post1-py2.py3-none-any.whl (508 kB)
Downloading six-1.17.0-py2.py3-none-any.whl (11 kB)
Downloading tzdata-2026.4-py2.py3-none-any.whl (347 kB)
Downloading pillow-12.3.0-cp310-cp310-manylinux_2_27_x86_64.manylinux_2_28_x86_64.whl (6.9 MB)
   ━━━━━━━━━━━━━━━━━━━━━━━━━━━━━━━━━━━━━━━━ 6.9/6.9 MB 196.7 MB/s  0:00:00
Downloading psutil-7.2.2-cp36-abi3-manylinux2010_x86_64.manylinux_2_12_x86_64.manylinux_2_28_x86_64.whl (155 kB)
Downloading pulp-3.3.2-py3-none-any.whl (16.4 MB)
   ━━━━━━━━━━━━━━━━━━━━━━━━━━━━━━━━━━━━━━━━ 16.4/16.4 MB 252.1 MB/s  0:00:00
Downloading pyproject_hooks-1.3.3-py3-none-any.whl (10 kB)
Downloading rich-15.0.0-py3-none-any.whl (310 kB)
Downloading pygments-2.21.0-py3-none-any.whl (1.3 MB)
   ━━━━━━━━━━━━━━━━━━━━━━━━━━━━━━━━━━━━━━━━ 1.3/1.3 MB 231.5 MB/s  0:00:00
Downloading markdown_it_py-4.2.0-py3-none-any.whl (91 kB)
Downloading mdurl-0.1.2-py3-none-any.whl (10.0 kB)
Downloading scipy-1.15.3-cp310-cp310-manylinux_2_17_x86_64.manylinux2014_x86_64.whl (37.7 MB)
   ━━━━━━━━━━━━━━━━━━━━━━━━━━━━━━━━━━━━━━━━ 37.7/37.7 MB 151.5 MB/s  0:00:00
Downloading StrEnum-0.4.15-py3-none-any.whl (8.9 kB)
Downloading xxhash-4.0.1-cp310-cp310-manylinux2014_x86_64.manylinux_2_17_x86_64.manylinux_2_28_x86_64.whl (249 kB)
Building wheels for collected packages: tensorrt, tensorrt-cu12
  Building wheel for tensorrt (pyproject.toml): started
  Building wheel for tensorrt (pyproject.toml): finished with status 'done'
  Created wheel for tensorrt: filename=tensorrt-10.0.1-py2.py3-none-any.whl size=16384 sha256=ce2809239f192d527d4da903bf97ec79708b99bf50648241cb6cb1c9afe2a484
  Stored in directory: /root/.cache/pip/wheels/e4/37/04/869519a13cd50e1b63b8707621e31913297a81d8085aa78eb4
  Building wheel for tensorrt-cu12 (pyproject.toml): started
  Building wheel for tensorrt-cu12 (pyproject.toml): finished with status 'done'
  Created wheel for tensorrt-cu12: filename=tensorrt_cu12-11.3.0.99-py3-none-any.whl size=23058 sha256=98c3a0054f2569f17b5eb522ed3dedba291c67e74a5dfa4458bd2c45b381ba77
  Stored in directory: /root/.cache/pip/wheels/51/35/18/fe39ac28aff0f8b5b4dd588a137dd32dd81a61bf1fb8b3a07e
Successfully built tensorrt tensorrt-cu12
Installing collected packages: tensorrt_cu12_libs, tensorrt_cu12_bindings, StrEnum, pytz, nvidia-ml-py, zipp, xxhash, urllib3, tzdata, typing-inspection, triton, tqdm, tomli, tensorrt-cu12, six, sentencepiece, safetensors, regex, pyyaml, pyproject_hooks, pynvml, pygments, pydantic-core, pyarrow, pulp, psutil, protobuf, propcache, polygraphy, Pillow, nvidia-nccl-cu12, numpy, ninja, multidict, mpi4py, mdurl, lark, janus, idna, hf-xet, h11, fsspec, frozenlist, exceptiongroup, dill, cuda-pathfinder, colored, cloudpickle, charset_normalizer, certifi, backports.strenum, attrs, async-timeout, annotated-types, aiohappyeyeballs, yarl, tensorrt, scipy, requests, python-dateutil, pydantic, multiprocess, ml_dtypes, markdown-it-py, importlib_metadata, httpcore, h5py, cuda-core, cuda-bindings, build, anyio, aiosignal, torch, rich, pandas, onnx, huggingface-hub, httpx, cuda-python, aiohttp, tokenizers, nvidia-modelopt, diffusers, accelerate, transformers, datasets, optimum, evaluate, tensorrt_llm
  Attempting uninstall: triton
    Found existing installation: triton 2.3.0
    Uninstalling triton-2.3.0:
      Successfully uninstalled triton-2.3.0
  Attempting uninstall: nvidia-nccl-cu12
    Found existing installation: nvidia-nccl-cu12 2.20.5
    Uninstalling nvidia-nccl-cu12-2.20.5:
      Successfully uninstalled nvidia-nccl-cu12-2.20.5
  Attempting uninstall: fsspec
    Found existing installation: fsspec 2026.7.0
    Uninstalling fsspec-2026.7.0:
      Successfully uninstalled fsspec-2026.7.0
  Attempting uninstall: torch
    Found existing installation: torch 2.3.0+cu121
    Uninstalling torch-2.3.0+cu121:
      Successfully uninstalled torch-2.3.0+cu121

Successfully installed Pillow-12.3.0 StrEnum-0.4.15 accelerate-1.15.0 aiohappyeyeballs-2.7.1 aiohttp-3.14.3 aiosignal-1.4.0 annotated-types-0.8.0 anyio-4.15.1 async-timeout-5.0.1 attrs-26.1.0 backports.strenum-1.3.1 build-1.6.1 certifi-2026.7.22 charset_normalizer-3.5.1 cloudpickle-3.1.2 colored-2.3.2 cuda-bindings-13.4.2 cuda-core-1.2.0 cuda-pathfinder-1.8.2 cuda-python-13.4.1 datasets-5.0.1 diffusers-0.39.0 dill-0.4.1 evaluate-0.4.6 exceptiongroup-1.3.1 frozenlist-1.8.0 fsspec-2026.6.0 h11-0.16.0 h5py-3.10.0 hf-xet-1.6.0 httpcore-1.0.9 httpx-0.28.1 huggingface-hub-0.36.2 idna-3.20 importlib_metadata-9.0.1 janus-2.0.0 lark-1.3.1 markdown-it-py-4.2.0 mdurl-0.1.2 ml_dtypes-0.5.4 mpi4py-4.1.2 multidict-6.9.0 multiprocess-0.70.19 ninja-1.13.2 numpy-1.26.4 nvidia-ml-py-13.610.43 nvidia-modelopt-0.11.2 nvidia-nccl-cu12-2.19.3 onnx-1.23.0 optimum-2.3.0 pandas-2.3.3 polygraphy-0.53.4 propcache-0.5.4 protobuf-7.36.2 psutil-7.2.2 pulp-3.3.2 pyarrow-25.0.1 pydantic-2.13.5 pydantic-core-2.46.5 pygments-2.21.0 pynvml-13.0.1 pyproject_hooks-1.3.3 python-dateutil-2.9.0.post0 pytz-2026.3.post1 pyyaml-6.0.3 regex-2026.9.10 requests-2.34.2 rich-15.0.0 safetensors-0.8.0 scipy-1.15.3 sentencepiece-0.2.2 six-1.17.0 tensorrt-10.0.1 tensorrt-cu12-11.3.0.99 tensorrt_cu12_bindings-11.3.0.99 tensorrt_cu12_libs-11.3.0.99 tensorrt_llm-0.10.0 tokenizers-0.19.1 tomli-2.4.1 torch-2.2.2 tqdm-4.70.1 transformers-4.40.2 triton-2.2.0 typing-inspection-0.4.4 tzdata-2026.4 urllib3-2.8.0 xxhash-4.0.1 yarl-1.25.1 zipp-4.1.0
WARNING: Running pip as the 'root' user can result in broken permissions and conflicting behaviour with the system package manager, possibly rendering your system unusable. It is recommended to use a virtual environment instead: https://pip.pypa.io/warnings/venv. Use the --root-user-action option if you know what you are doing and want to suppress this warning.

=== STEP_pins 23:17:52 ===
Looking in indexes: https://pypi.org/simple, https://pypi.nvidia.com
Collecting tensorrt-cu12==10.0.1
  Downloading tensorrt-cu12-10.0.1.tar.gz (18 kB)
  Installing build dependencies: started
  Installing build dependencies: finished with status 'done'
  Getting requirements to build wheel: started
  Getting requirements to build wheel: finished with status 'done'
  Installing backend dependencies: started
  Installing backend dependencies: finished with status 'done'
  Preparing metadata (pyproject.toml): started
  Preparing metadata (pyproject.toml): finished with status 'done'
Requirement already satisfied: tensorrt==10.0.1 in ./miniconda3/envs/trtllm/lib/python3.10/site-packages (10.0.1)
Collecting tensorrt-cu12_libs==10.0.1 (from tensorrt-cu12==10.0.1)
  Downloading tensorrt_cu12_libs-10.0.1-py2.py3-none-manylinux_2_17_x86_64.whl (1031.6 MB)
     ━━━━━━━━━━━━━━━━━━━━━━━━━━━━━━━━━━━━━━━━ 1.0/1.0 GB 91.3 MB/s  0:00:11
Collecting tensorrt-cu12_bindings==10.0.1 (from tensorrt-cu12==10.0.1)
  Downloading tensorrt_cu12_bindings-10.0.1-cp310-none-manylinux_2_17_x86_64.whl (1.1 MB)
     ━━━━━━━━━━━━━━━━━━━━━━━━━━━━━━━━━━━━━━━━ 1.1/1.1 MB 169.4 MB/s  0:00:00
Requirement already satisfied: nvidia-cuda-runtime-cu12 in ./miniconda3/envs/trtllm/lib/python3.10/site-packages (from tensorrt-cu12_libs==10.0.1->tensorrt-cu12==10.0.1) (12.1.105)
Building wheels for collected packages: tensorrt-cu12
  Building wheel for tensorrt-cu12 (pyproject.toml): started
  Building wheel for tensorrt-cu12 (pyproject.toml): finished with status 'done'
  Created wheel for tensorrt-cu12: filename=tensorrt_cu12-10.0.1-py2.py3-none-any.whl size=17673 sha256=91f81d66576d0fc4115991dfe075fb6abf71bc2a68c4657d940a6013f8f0824b
  Stored in directory: /root/.cache/pip/wheels/4b/71/94/926b9bd4e1dbc17e751bdf3c401c5f0283fadfe0b2bfd69bc6
Successfully built tensorrt-cu12
Installing collected packages: tensorrt-cu12_bindings, tensorrt-cu12_libs, tensorrt-cu12
  Attempting uninstall: tensorrt-cu12_bindings
    Found existing installation: tensorrt_cu12_bindings 11.3.0.99
    Uninstalling tensorrt_cu12_bindings-11.3.0.99:
      Successfully uninstalled tensorrt_cu12_bindings-11.3.0.99
  Attempting uninstall: tensorrt-cu12_libs
    Found existing installation: tensorrt_cu12_libs 11.3.0.99
    Uninstalling tensorrt_cu12_libs-11.3.0.99:
      Successfully uninstalled tensorrt_cu12_libs-11.3.0.99
  Attempting uninstall: tensorrt-cu12
    Found existing installation: tensorrt_cu12 11.3.0.99
    Uninstalling tensorrt_cu12-11.3.0.99:
      Successfully uninstalled tensorrt_cu12-11.3.0.99

Successfully installed tensorrt-cu12-10.0.1 tensorrt-cu12_bindings-10.0.1 tensorrt-cu12_libs-10.0.1
WARNING: Running pip as the 'root' user can result in broken permissions and conflicting behaviour with the system package manager, possibly rendering your system unusable. It is recommended to use a virtual environment instead: https://pip.pypa.io/warnings/venv. Use the --root-user-action option if you know what you are doing and want to suppress this warning.
Collecting cuda-python==12.5.0
  Downloading cuda_python-12.5.0-cp310-cp310-manylinux_2_17_x86_64.manylinux2014_x86_64.whl.metadata (12 kB)
Collecting pynvml==11.5.0
  Downloading pynvml-11.5.0-py3-none-any.whl.metadata (7.8 kB)
Downloading cuda_python-12.5.0-cp310-cp310-manylinux_2_17_x86_64.manylinux2014_x86_64.whl (24.8 MB)
   ━━━━━━━━━━━━━━━━━━━━━━━━━━━━━━━━━━━━━━━━ 24.8/24.8 MB 9.3 MB/s  0:00:02
Downloading pynvml-11.5.0-py3-none-any.whl (53 kB)
Installing collected packages: cuda-python, pynvml
  Attempting uninstall: cuda-python
    Found existing installation: cuda-python 13.4.1
    Uninstalling cuda-python-13.4.1:
      Successfully uninstalled cuda-python-13.4.1
  Attempting uninstall: pynvml
    Found existing installation: pynvml 13.0.1
    Uninstalling pynvml-13.0.1:
      Successfully uninstalled pynvml-13.0.1

Successfully installed cuda-python-12.5.0 pynvml-11.5.0
WARNING: Running pip as the 'root' user can result in broken permissions and conflicting behaviour with the system package manager, possibly rendering your system unusable. It is recommended to use a virtual environment instead: https://pip.pypa.io/warnings/venv. Use the --root-user-action option if you know what you are doing and want to suppress this warning.
Collecting rouge_score~=0.1.2
  Downloading rouge_score-0.1.2.tar.gz (17 kB)
  Installing build dependencies: started
  Installing build dependencies: finished with status 'done'
  Getting requirements to build wheel: started
  Getting requirements to build wheel: finished with status 'done'
  Preparing metadata (pyproject.toml): started
  Preparing metadata (pyproject.toml): finished with status 'done'
Collecting transformers_stream_generator==0.0.4
  Downloading transformers-stream-generator-0.0.4.tar.gz (12 kB)
  Installing build dependencies: started
  Installing build dependencies: finished with status 'done'
  Getting requirements to build wheel: started
  Getting requirements to build wheel: finished with status 'done'
  Preparing metadata (pyproject.toml): started
  Preparing metadata (pyproject.toml): finished with status 'done'
Collecting tiktoken
  Downloading tiktoken-0.14.0-cp310-cp310-manylinux_2_28_x86_64.whl.metadata (6.7 kB)
Requirement already satisfied: mpmath==1.3.0 in ./miniconda3/envs/trtllm/lib/python3.10/site-packages (1.3.0)
Requirement already satisfied: transformers>=4.26.1 in ./miniconda3/envs/trtllm/lib/python3.10/site-packages (from transformers_stream_generator==0.0.4) (4.40.2)
Collecting absl-py (from rouge_score~=0.1.2)
  Downloading absl_py-2.5.0-py3-none-any.whl.metadata (3.3 kB)
Collecting nltk (from rouge_score~=0.1.2)
  Downloading nltk-3.10.3-py3-none-any.whl.metadata (3.2 kB)
Requirement already satisfied: numpy in ./miniconda3/envs/trtllm/lib/python3.10/site-packages (from rouge_score~=0.1.2) (1.26.4)
Requirement already satisfied: six>=1.14.0 in ./miniconda3/envs/trtllm/lib/python3.10/site-packages (from rouge_score~=0.1.2) (1.17.0)
Requirement already satisfied: regex in ./miniconda3/envs/trtllm/lib/python3.10/site-packages (from tiktoken) (2026.9.10)
Requirement already satisfied: requests in ./miniconda3/envs/trtllm/lib/python3.10/site-packages (from tiktoken) (2.34.2)
Requirement already satisfied: filelock in ./miniconda3/envs/trtllm/lib/python3.10/site-packages (from transformers>=4.26.1->transformers_stream_generator==0.0.4) (3.32.3)
Requirement already satisfied: huggingface-hub<1.0,>=0.19.3 in ./miniconda3/envs/trtllm/lib/python3.10/site-packages (from transformers>=4.26.1->transformers_stream_generator==0.0.4) (0.36.2)
Requirement already satisfied: packaging>=20.0 in ./miniconda3/envs/trtllm/lib/python3.10/site-packages (from transformers>=4.26.1->transformers_stream_generator==0.0.4) (26.3)
Requirement already satisfied: pyyaml>=5.1 in ./miniconda3/envs/trtllm/lib/python3.10/site-packages (from transformers>=4.26.1->transformers_stream_generator==0.0.4) (6.0.3)
Requirement already satisfied: tokenizers<0.20,>=0.19 in ./miniconda3/envs/trtllm/lib/python3.10/site-packages (from transformers>=4.26.1->transformers_stream_generator==0.0.4) (0.19.1)
Requirement already satisfied: safetensors>=0.4.1 in ./miniconda3/envs/trtllm/lib/python3.10/site-packages (from transformers>=4.26.1->transformers_stream_generator==0.0.4) (0.8.0)
Requirement already satisfied: tqdm>=4.27 in ./miniconda3/envs/trtllm/lib/python3.10/site-packages (from transformers>=4.26.1->transformers_stream_generator==0.0.4) (4.70.1)
Requirement already satisfied: fsspec>=2023.5.0 in ./miniconda3/envs/trtllm/lib/python3.10/site-packages (from huggingface-hub<1.0,>=0.19.3->transformers>=4.26.1->transformers_stream_generator==0.0.4) (2026.6.0)
Requirement already satisfied: hf-xet<2.0.0,>=1.1.3 in ./miniconda3/envs/trtllm/lib/python3.10/site-packages (from huggingface-hub<1.0,>=0.19.3->transformers>=4.26.1->transformers_stream_generator==0.0.4) (1.6.0)
Requirement already satisfied: typing-extensions>=3.7.4.3 in ./miniconda3/envs/trtllm/lib/python3.10/site-packages (from huggingface-hub<1.0,>=0.19.3->transformers>=4.26.1->transformers_stream_generator==0.0.4) (4.16.0)
Collecting defusedxml (from nltk->rouge_score~=0.1.2)
  Downloading defusedxml-0.7.1-py2.py3-none-any.whl.metadata (32 kB)
Collecting click (from nltk->rouge_score~=0.1.2)
  Using cached click-8.5.0-py3-none-any.whl.metadata (2.6 kB)
Collecting joblib (from nltk->rouge_score~=0.1.2)
  Downloading joblib-1.6.0-py3-none-any.whl.metadata (6.5 kB)
Requirement already satisfied: cloudpickle>=3.0 in ./miniconda3/envs/trtllm/lib/python3.10/site-packages (from joblib->nltk->rouge_score~=0.1.2) (3.1.2)
Requirement already satisfied: charset_normalizer<4,>=2 in ./miniconda3/envs/trtllm/lib/python3.10/site-packages (from requests->tiktoken) (3.5.1)
Requirement already satisfied: idna<4,>=2.5 in ./miniconda3/envs/trtllm/lib/python3.10/site-packages (from requests->tiktoken) (3.20)
Requirement already satisfied: urllib3<3,>=1.26 in ./miniconda3/envs/trtllm/lib/python3.10/site-packages (from requests->tiktoken) (2.8.0)
Requirement already satisfied: certifi>=2023.5.7 in ./miniconda3/envs/trtllm/lib/python3.10/site-packages (from requests->tiktoken) (2026.7.22)
Downloading tiktoken-0.14.0-cp310-cp310-manylinux_2_28_x86_64.whl (1.2 MB)
   ━━━━━━━━━━━━━━━━━━━━━━━━━━━━━━━━━━━━━━━━ 1.2/1.2 MB 45.3 MB/s  0:00:00
Downloading absl_py-2.5.0-py3-none-any.whl (137 kB)
Downloading nltk-3.10.3-py3-none-any.whl (1.8 MB)
   ━━━━━━━━━━━━━━━━━━━━━━━━━━━━━━━━━━━━━━━━ 1.8/1.8 MB 117.4 MB/s  0:00:00
Using cached click-8.5.0-py3-none-any.whl (125 kB)
Downloading defusedxml-0.7.1-py2.py3-none-any.whl (25 kB)
Downloading joblib-1.6.0-py3-none-any.whl (306 kB)
Building wheels for collected packages: transformers_stream_generator, rouge_score
  Building wheel for transformers_stream_generator (pyproject.toml): started
  Building wheel for transformers_stream_generator (pyproject.toml): finished with status 'done'
  Created wheel for transformers_stream_generator: filename=transformers_stream_generator-0.0.4-py3-none-any.whl size=12419 sha256=5e5f95045beffc8c196c6e02aaa2cbb9513cf492eb69fc09a31742ceca750666
  Stored in directory: /root/.cache/pip/wheels/47/1d/3c/92d88493ed40c0d9be60a391eb76c9a56e9f9b7542cb789401
  Building wheel for rouge_score (pyproject.toml): started
  Building wheel for rouge_score (pyproject.toml): finished with status 'done'
  Created wheel for rouge_score: filename=rouge_score-0.1.2-py3-none-any.whl size=24987 sha256=46c9eb101059d3b180f02dc87a64b4e91a81ddd440b909f07d021d5dd9063cc1
  Stored in directory: /root/.cache/pip/wheels/5f/dd/89/461065a73be61a532ff8599a28e9beef17985c9e9c31e541b4
Successfully built transformers_stream_generator rouge_score
Installing collected packages: joblib, defusedxml, click, absl-py, tiktoken, nltk, rouge_score, transformers_stream_generator

Successfully installed absl-py-2.5.0 click-8.5.0 defusedxml-0.7.1 joblib-1.6.0 nltk-3.10.3 rouge_score-0.1.2 tiktoken-0.14.0 transformers_stream_generator-0.0.4
WARNING: Running pip as the 'root' user can result in broken permissions and conflicting behaviour with the system package manager, possibly rendering your system unusable. It is recommended to use a virtual environment instead: https://pip.pypa.io/warnings/venv. Use the --root-user-action option if you know what you are doing and want to suppress this warning.
Looking in indexes: https://download.pytorch.org/whl/cu121
ERROR: Could not find a version that satisfies the requirement einops (from versions: none)
ERROR: No matching distribution found for einops
INSTALL_FAILED_vision_reqs
